// Vitest Snapshot v1, https://vitest.dev/guide/snapshot.html

exports[`Plugin > should render the plugins 1`] = `"<b>hello!</b><b>hello!</b>"`;
